// Jest Snapshot v1, https://goo.gl/fbAQLP

exports[`test transforms all transforms work 1`] = `"{\\"core__4-invalid-starting-letter\\":{},\\"core__archives\\":{},\\"core__archives__showPostCounts\\":{},\\"core__audio\\":{\\"availableTransforms\\":[\\"File\\"]},\\"core__block\\":{},\\"core__button__center\\":{\\"availableTransforms\\":[]},\\"core__categories\\":{},\\"core__code\\":{\\"availableTransforms\\":[\\"Preformatted\\"]},\\"core__column\\":{\\"availableTransforms\\":[\\"Heading\\",\\"List\\",\\"Quote\\",\\"Preformatted\\",\\"Verse\\"]},\\"core__columns\\":{\\"availableTransforms\\":[\\"Heading\\",\\"List\\",\\"Quote\\",\\"Preformatted\\",\\"Verse\\"]},\\"core__cover-image\\":{\\"availableTransforms\\":[\\"Heading\\",\\"Image\\"]},\\"core__embed\\":{},\\"core__file__new-window\\":{},\\"core__file__no-download-button\\":{},\\"core__file__no-text-link\\":{},\\"core__freeform\\":{},\\"core__freeform__undelimited\\":{},\\"core__gallery\\":{\\"availableTransforms\\":[\\"Image\\"]},\\"core__gallery__columns\\":{\\"availableTransforms\\":[\\"Image\\"]},\\"core__heading__h2-em\\":{\\"availableTransforms\\":[\\"Quote\\",\\"Cover Image\\",\\"Paragraph\\"]},\\"core__heading__h2\\":{\\"availableTransforms\\":[\\"Quote\\",\\"Cover Image\\",\\"Paragraph\\"]},\\"core__html\\":{},\\"core__image\\":{\\"availableTransforms\\":[\\"Gallery\\",\\"Cover Image\\",\\"File\\"]},\\"core__image__attachment-link\\":{\\"availableTransforms\\":[\\"Gallery\\",\\"Cover Image\\",\\"File\\"]},\\"core__image__center-caption\\":{\\"availableTransforms\\":[\\"Gallery\\",\\"Cover Image\\",\\"File\\"]},\\"core__image__custom-link\\":{\\"availableTransforms\\":[\\"Gallery\\",\\"Cover Image\\",\\"File\\"]},\\"core__image__media-link\\":{\\"availableTransforms\\":[\\"Gallery\\",\\"Cover Image\\",\\"File\\"]},\\"core__invalid-Capitals\\":{},\\"core__invalid-special\\":{},\\"core__latest-comments\\":{},\\"core__latest-posts\\":{},\\"core__latest-posts__displayPostDate\\":{},\\"core__list__ul\\":{\\"availableTransforms\\":[\\"Paragraph\\",\\"Quote\\"]},\\"core__more\\":{},\\"core__more__custom-text-teaser\\":{},\\"core__nextpage\\":{},\\"core__paragraph__align-right\\":{\\"availableTransforms\\":[\\"Heading\\",\\"List\\",\\"Quote\\",\\"Preformatted\\",\\"Verse\\"]},\\"core__paragraph__deprecated\\":{\\"expectedDeprecatedBlock\\":true},\\"core__preformatted\\":{\\"availableTransforms\\":[\\"Paragraph\\"]},\\"core__pullquote\\":{\\"availableTransforms\\":[]},\\"core__pullquote__multi-paragraph\\":{\\"availableTransforms\\":[]},\\"core__quote__style-1\\":{\\"availableTransforms\\":[\\"List\\",\\"Paragraph\\",\\"Heading\\"]},\\"core__quote__style-2\\":{\\"availableTransforms\\":[\\"List\\",\\"Paragraph\\",\\"Heading\\"]},\\"core__separator\\":{\\"availableTransforms\\":[]},\\"core__shortcode\\":{},\\"core__spacer\\":{},\\"core__subhead\\":{\\"expectedDeprecatedBlock\\":true},\\"core__table\\":{},\\"core__text-columns\\":{\\"expectedDeprecatedBlock\\":true},\\"core__text__converts-to-paragraph\\":{\\"availableTransforms\\":[\\"Heading\\",\\"List\\",\\"Quote\\",\\"Preformatted\\",\\"Verse\\"]},\\"core__verse\\":{\\"availableTransforms\\":[\\"Paragraph\\"]},\\"core__video\\":{\\"availableTransforms\\":[\\"File\\"]}}"`;
